---
source: varnish-macros/src/tests.rs
snapshot_kind: text
---
<!--

   !!!!!!  WARNING: DO NOT EDIT THIS FILE!

   This file was generated from the Varnish VMOD source code.
   It will be automatically updated on each build.

-->
# Varnish Module (VMOD) `types`

main docs
## Big header
### sub header
foo bar

```vcl
// Place import statement at the top of your VCL file
// This loads vmod from a standard location
import types;

// Or load vmod from a specific file
import types from "path/to/libtypes.so";
```

### Function `VOID no_docs()`

### Function `VOID with_docs()`

doctest on a function
with multiple lines
#### Big header
##### sub header
foo bar

### Function `VOID doctest(INT _no_docs, INT _v)`

doctest on a function

* `INT _no_docs`:
* `INT _v`:
doc comment on *function arguments* are invalid in Rust,
but they are parsed by macros.
we can generate documentation for param `_v` here.

##### Example
This comment is multi-lined to ensure multiple `#[doc]` are parsed correctly.

### Function `VOID arg_only(INT _v)`

* `INT _v`:
doc comment for `arg_only`

### Object `DocStruct`

doctest for `DocStruct` implementation

```vcl
// Create a new instance of the object in your VCL init function
sub vcl_init {
    new new = DocStruct.new([INT cap]);
}
```

doctest for `new`

* `[INT cap]`:
doc comment for `cap`

#### Method `VOID function(STRING key)`

doctest for the object function

* `STRING key`:
param docs
