---
source: varnish-macros/src/tests.rs
---
VMOD_JSON_SPEC
[
  [
    "$VMOD",
    "1.0",
    "obj",
    "Vmod_vmod_obj_Func",
    "ad56b7746c45988d398c1b56aee2393937bb251a20c647e4740befc1dd021ede",
    "Varnish (version) (hash)",
    "0",
    "0"
  ],
  [
    "$CPROTO",
    "
struct vmod_obj_kv1;

struct vmod_obj_kv2;

struct arg_vmod_obj_kv1__init {
  char valid_cap;
  VCL_INT cap;
};

typedef VCL_VOID td_vmod_obj_kv1__init(
    VRT_CTX,
    struct vmod_obj_kv1 **,
    const char *,
    struct arg_vmod_obj_kv1__init *
);

typedef VCL_VOID td_vmod_obj_kv1__fini(
    struct vmod_obj_kv1 **
);

typedef VCL_VOID td_vmod_obj_kv1_set(
    VRT_CTX,
    struct vmod_obj_kv1 *,
    VCL_STRING,
    VCL_STRING
);

typedef VCL_STRING td_vmod_obj_kv1_get(
    VRT_CTX,
    struct vmod_obj_kv1 *,
    VCL_STRING
);

struct arg_vmod_obj_kv2__init {
  char valid_cap;
  VCL_INT cap;
};

typedef VCL_VOID td_vmod_obj_kv2__init(
    VRT_CTX,
    struct vmod_obj_kv2 **,
    const char *,
    struct arg_vmod_obj_kv2__init *
);

typedef VCL_VOID td_vmod_obj_kv2__fini(
    struct vmod_obj_kv2 **
);

struct arg_vmod_obj_kv2_set {
  VCL_STRING key;
  char valid_value;
  VCL_STRING value;
};

typedef VCL_VOID td_vmod_obj_kv2_set(
    VRT_CTX,
    struct vmod_obj_kv2 *,
    struct arg_vmod_obj_kv2_set *
);

struct Vmod_vmod_obj_Func {
  td_vmod_obj_kv1__init *f_kv1__init;
  td_vmod_obj_kv1__fini *f_kv1__fini;
  td_vmod_obj_kv1_set *f_kv1_set;
  td_vmod_obj_kv1_get *f_kv1_get;
  td_vmod_obj_kv2__init *f_kv2__init;
  td_vmod_obj_kv2__fini *f_kv2__fini;
  td_vmod_obj_kv2_set *f_kv2_set;
};

static struct Vmod_vmod_obj_Func Vmod_vmod_obj_Func;"
  ],
  [
    "$OBJ",
    "kv1",
    {
      "NULL_OK": false
    },
    "struct vmod_obj_kv1",
    [
      "$INIT",
      [
        [
          "VOID"
        ],
        "Vmod_vmod_obj_Func.f_kv1__init",
        "struct arg_vmod_obj_kv1__init",
        [
          "INT",
          "cap",
          null,
          null,
          true
        ]
      ]
    ],
    [
      "$FINI",
      [
        [
          "VOID"
        ],
        "Vmod_vmod_obj_Func.f_kv1__fini",
        ""
      ]
    ],
    [
      "$METHOD",
      "set",
      [
        [
          "VOID"
        ],
        "Vmod_vmod_obj_Func.f_kv1_set",
        "",
        [
          "STRING",
          "key"
        ],
        [
          "STRING",
          "value"
        ]
      ]
    ],
    [
      "$METHOD",
      "get",
      [
        [
          "STRING"
        ],
        "Vmod_vmod_obj_Func.f_kv1_get",
        "",
        [
          "STRING",
          "key"
        ]
      ]
    ]
  ],
  [
    "$OBJ",
    "kv2",
    {
      "NULL_OK": false
    },
    "struct vmod_obj_kv2",
    [
      "$INIT",
      [
        [
          "VOID"
        ],
        "Vmod_vmod_obj_Func.f_kv2__init",
        "struct arg_vmod_obj_kv2__init",
        [
          "INT",
          "cap",
          null,
          null,
          true
        ]
      ]
    ],
    [
      "$FINI",
      [
        [
          "VOID"
        ],
        "Vmod_vmod_obj_Func.f_kv2__fini",
        ""
      ]
    ],
    [
      "$METHOD",
      "set",
      [
        [
          "VOID"
        ],
        "Vmod_vmod_obj_Func.f_kv2_set",
        "struct arg_vmod_obj_kv2_set",
        [
          "STRING",
          "key"
        ],
        [
          "STRING",
          "value",
          null,
          null,
          true
        ]
      ]
    ]
  ]
]

