---
source: varnish-macros/src/tests.rs
snapshot_kind: text
---
VmodInfo {
    params: VmodParams {
        docs: None,
    },
    ident: "tuple",
    docs: "",
    funcs: [
        FuncInfo {
            func_type: Function,
            ident: "ref_to_slice_lifetime",
            docs: "",
            has_optional_args: false,
            args: [
                ParamTypeInfo {
                    ident: "tsk_vals",
                    docs: "",
                    idx: 0,
                    ty: SharedPerTask,
                },
            ],
            returns: Value(
                Bytes,
            ),
        },
    ],
    objects: [],
    shared_types: SharedTypes {
        shared_per_task_ty: Some(
            "PerTask < '_ >",
        ),
        shared_per_vcl_ty: None,
    },
}
