---
source: varnish-macros/src/tests.rs
snapshot_kind: text
---
VmodInfo {
    params: VmodParams {
        docs: None,
    },
    ident: "vcl_returns",
    docs: "",
    funcs: [
        FuncInfo {
            func_type: Function,
            ident: "val_acl",
            docs: "",
            has_optional_args: false,
            args: [],
            output_ty: VclType(
                "VCL_ACL",
            ),
            out_result: false,
        },
        FuncInfo {
            func_type: Function,
            ident: "res_acl",
            docs: "",
            has_optional_args: false,
            args: [],
            output_ty: VclType(
                "VCL_ACL",
            ),
            out_result: true,
        },
        FuncInfo {
            func_type: Function,
            ident: "val_backend",
            docs: "",
            has_optional_args: false,
            args: [],
            output_ty: VclType(
                "VCL_BACKEND",
            ),
            out_result: false,
        },
        FuncInfo {
            func_type: Function,
            ident: "res_backend",
            docs: "",
            has_optional_args: false,
            args: [],
            output_ty: VclType(
                "VCL_BACKEND",
            ),
            out_result: true,
        },
        FuncInfo {
            func_type: Function,
            ident: "val_blob",
            docs: "",
            has_optional_args: false,
            args: [],
            output_ty: VclType(
                "VCL_BLOB",
            ),
            out_result: false,
        },
        FuncInfo {
            func_type: Function,
            ident: "res_blob",
            docs: "",
            has_optional_args: false,
            args: [],
            output_ty: VclType(
                "VCL_BLOB",
            ),
            out_result: true,
        },
        FuncInfo {
            func_type: Function,
            ident: "val_body",
            docs: "",
            has_optional_args: false,
            args: [],
            output_ty: VclType(
                "VCL_BODY",
            ),
            out_result: false,
        },
        FuncInfo {
            func_type: Function,
            ident: "res_body",
            docs: "",
            has_optional_args: false,
            args: [],
            output_ty: VclType(
                "VCL_BODY",
            ),
            out_result: true,
        },
        FuncInfo {
            func_type: Function,
            ident: "val_bool",
            docs: "",
            has_optional_args: false,
            args: [],
            output_ty: VclType(
                "VCL_BOOL",
            ),
            out_result: false,
        },
        FuncInfo {
            func_type: Function,
            ident: "res_bool",
            docs: "",
            has_optional_args: false,
            args: [],
            output_ty: VclType(
                "VCL_BOOL",
            ),
            out_result: true,
        },
        FuncInfo {
            func_type: Function,
            ident: "val_bytes",
            docs: "",
            has_optional_args: false,
            args: [],
            output_ty: VclType(
                "VCL_BYTES",
            ),
            out_result: false,
        },
        FuncInfo {
            func_type: Function,
            ident: "res_bytes",
            docs: "",
            has_optional_args: false,
            args: [],
            output_ty: VclType(
                "VCL_BYTES",
            ),
            out_result: true,
        },
        FuncInfo {
            func_type: Function,
            ident: "val_duration",
            docs: "",
            has_optional_args: false,
            args: [],
            output_ty: VclType(
                "VCL_DURATION",
            ),
            out_result: false,
        },
        FuncInfo {
            func_type: Function,
            ident: "res_duration",
            docs: "",
            has_optional_args: false,
            args: [],
            output_ty: VclType(
                "VCL_DURATION",
            ),
            out_result: true,
        },
        FuncInfo {
            func_type: Function,
            ident: "val_enum",
            docs: "",
            has_optional_args: false,
            args: [],
            output_ty: VclType(
                "VCL_ENUM",
            ),
            out_result: false,
        },
        FuncInfo {
            func_type: Function,
            ident: "res_enum",
            docs: "",
            has_optional_args: false,
            args: [],
            output_ty: VclType(
                "VCL_ENUM",
            ),
            out_result: true,
        },
        FuncInfo {
            func_type: Function,
            ident: "val_header",
            docs: "",
            has_optional_args: false,
            args: [],
            output_ty: VclType(
                "VCL_HEADER",
            ),
            out_result: false,
        },
        FuncInfo {
            func_type: Function,
            ident: "res_header",
            docs: "",
            has_optional_args: false,
            args: [],
            output_ty: VclType(
                "VCL_HEADER",
            ),
            out_result: true,
        },
        FuncInfo {
            func_type: Function,
            ident: "val_http",
            docs: "",
            has_optional_args: false,
            args: [],
            output_ty: VclType(
                "VCL_HTTP",
            ),
            out_result: false,
        },
        FuncInfo {
            func_type: Function,
            ident: "res_http",
            docs: "",
            has_optional_args: false,
            args: [],
            output_ty: VclType(
                "VCL_HTTP",
            ),
            out_result: true,
        },
        FuncInfo {
            func_type: Function,
            ident: "val_instance",
            docs: "",
            has_optional_args: false,
            args: [],
            output_ty: VclType(
                "VCL_INSTANCE",
            ),
            out_result: false,
        },
        FuncInfo {
            func_type: Function,
            ident: "val_int",
            docs: "",
            has_optional_args: false,
            args: [],
            output_ty: VclType(
                "VCL_INT",
            ),
            out_result: false,
        },
        FuncInfo {
            func_type: Function,
            ident: "res_int",
            docs: "",
            has_optional_args: false,
            args: [],
            output_ty: VclType(
                "VCL_INT",
            ),
            out_result: true,
        },
        FuncInfo {
            func_type: Function,
            ident: "val_ip",
            docs: "",
            has_optional_args: false,
            args: [],
            output_ty: VclType(
                "VCL_IP",
            ),
            out_result: false,
        },
        FuncInfo {
            func_type: Function,
            ident: "res_ip",
            docs: "",
            has_optional_args: false,
            args: [],
            output_ty: VclType(
                "VCL_IP",
            ),
            out_result: true,
        },
        FuncInfo {
            func_type: Function,
            ident: "val_probe",
            docs: "",
            has_optional_args: false,
            args: [],
            output_ty: VclType(
                "VCL_PROBE",
            ),
            out_result: false,
        },
        FuncInfo {
            func_type: Function,
            ident: "res_probe",
            docs: "",
            has_optional_args: false,
            args: [],
            output_ty: VclType(
                "VCL_PROBE",
            ),
            out_result: true,
        },
        FuncInfo {
            func_type: Function,
            ident: "val_real",
            docs: "",
            has_optional_args: false,
            args: [],
            output_ty: VclType(
                "VCL_REAL",
            ),
            out_result: false,
        },
        FuncInfo {
            func_type: Function,
            ident: "res_real",
            docs: "",
            has_optional_args: false,
            args: [],
            output_ty: VclType(
                "VCL_REAL",
            ),
            out_result: true,
        },
        FuncInfo {
            func_type: Function,
            ident: "val_regex",
            docs: "",
            has_optional_args: false,
            args: [],
            output_ty: VclType(
                "VCL_REGEX",
            ),
            out_result: false,
        },
        FuncInfo {
            func_type: Function,
            ident: "res_regex",
            docs: "",
            has_optional_args: false,
            args: [],
            output_ty: VclType(
                "VCL_REGEX",
            ),
            out_result: true,
        },
        FuncInfo {
            func_type: Function,
            ident: "val_stevedore",
            docs: "",
            has_optional_args: false,
            args: [],
            output_ty: VclType(
                "VCL_STEVEDORE",
            ),
            out_result: false,
        },
        FuncInfo {
            func_type: Function,
            ident: "res_stevedore",
            docs: "",
            has_optional_args: false,
            args: [],
            output_ty: VclType(
                "VCL_STEVEDORE",
            ),
            out_result: true,
        },
        FuncInfo {
            func_type: Function,
            ident: "val_strands",
            docs: "",
            has_optional_args: false,
            args: [],
            output_ty: VclType(
                "VCL_STRANDS",
            ),
            out_result: false,
        },
        FuncInfo {
            func_type: Function,
            ident: "res_strands",
            docs: "",
            has_optional_args: false,
            args: [],
            output_ty: VclType(
                "VCL_STRANDS",
            ),
            out_result: true,
        },
        FuncInfo {
            func_type: Function,
            ident: "val_string",
            docs: "",
            has_optional_args: false,
            args: [],
            output_ty: VclType(
                "VCL_STRING",
            ),
            out_result: false,
        },
        FuncInfo {
            func_type: Function,
            ident: "res_string",
            docs: "",
            has_optional_args: false,
            args: [],
            output_ty: VclType(
                "VCL_STRING",
            ),
            out_result: true,
        },
        FuncInfo {
            func_type: Function,
            ident: "val_sub",
            docs: "",
            has_optional_args: false,
            args: [],
            output_ty: VclType(
                "VCL_SUB",
            ),
            out_result: false,
        },
        FuncInfo {
            func_type: Function,
            ident: "res_sub",
            docs: "",
            has_optional_args: false,
            args: [],
            output_ty: VclType(
                "VCL_SUB",
            ),
            out_result: true,
        },
        FuncInfo {
            func_type: Function,
            ident: "val_time",
            docs: "",
            has_optional_args: false,
            args: [],
            output_ty: VclType(
                "VCL_TIME",
            ),
            out_result: false,
        },
        FuncInfo {
            func_type: Function,
            ident: "res_time",
            docs: "",
            has_optional_args: false,
            args: [],
            output_ty: VclType(
                "VCL_TIME",
            ),
            out_result: true,
        },
        FuncInfo {
            func_type: Function,
            ident: "val_vcl",
            docs: "",
            has_optional_args: false,
            args: [],
            output_ty: VclType(
                "VCL_VCL",
            ),
            out_result: false,
        },
        FuncInfo {
            func_type: Function,
            ident: "res_vcl",
            docs: "",
            has_optional_args: false,
            args: [],
            output_ty: VclType(
                "VCL_VCL",
            ),
            out_result: true,
        },
    ],
    objects: [],
    shared_types: SharedTypes {
        shared_per_task_ty: None,
        shared_per_vcl_ty: None,
    },
}
