---
source: varnish-macros/src/tests.rs
---
[
  [
    "$VMOD",
    "1.0"
  ],
  [
    "$EVENT",
    "Vmod_event_Func.f_on_event"
  ]
]
