---
source: varnish-macros/src/tests.rs
---
mod event {
    #[allow(non_snake_case, unused_imports, unused_qualifications, unused_variables)]
    #[allow(clippy::needless_question_mark)]
    #[automatically_derived]
    mod varnish_generated {
        use std::ffi::{c_char, c_int, c_uint, c_void, CStr};
        use std::ptr::null;
        use varnish::ffi::{
            VCL_BACKEND, VCL_BOOL, VCL_DURATION, VCL_INT, VCL_IP, VCL_PROBE, VCL_REAL,
            VCL_STRING, VCL_VOID, VMOD_ABI_Version, VclEvent, vmod_data, vmod_priv,
            vrt_ctx, vmod_priv_free_f,
        };
        use varnish::vcl::{Ctx, IntoVCL, PerVclState, Workspace};
        use super::*;
        unsafe extern "C" fn vmod_c_on_event(
            __ctx: *mut vrt_ctx,
            __vp: *mut vmod_priv,
            __ev: VclEvent,
        ) -> VCL_INT {
            super::on_event(__ev);
            VCL_INT(0)
        }
        #[repr(C)]
        pub struct VmodExports {
            vmod_c_on_event: Option<
                unsafe extern "C" fn(
                    __ctx: *mut vrt_ctx,
                    __vp: *mut vmod_priv,
                    __ev: VclEvent,
                ) -> VCL_INT,
            >,
        }
        pub static VMOD_EXPORTS: VmodExports = VmodExports {
            vmod_c_on_event: Some(vmod_c_on_event),
        };
        #[allow(non_upper_case_globals)]
        #[no_mangle]
        pub static Vmod_event_Data: vmod_data = vmod_data {
            vrt_major: 0,
            vrt_minor: 0,
            file_id: c"4d1200f410ef454f543f699d77aaa0ff7e3c4d4fdc8395b6771c294c71d409a2"
                .as_ptr(),
            name: c"event".as_ptr(),
            func_len: ::std::mem::size_of::<VmodExports>() as c_int,
            func: &VMOD_EXPORTS as *const _ as *const c_void,
            abi: VMOD_ABI_Version.as_ptr(),
            json: JSON.as_ptr(),
            proto: cproto.as_ptr(),
        };
        const JSON: &CStr = c"[\n  [\n    \"$VMOD\",\n    \"1.0\"\n  ],\n  [\n    \"$EVENT\",\n    \"Vmod_event_Func.f_on_event\"\n  ]\n]";
        const cproto: &CStr = c"\nstruct Vmod_event_Func {\n  vmod_event_f *f_on_event;\n};\n\nstatic struct Vmod_event_Func Vmod_event_Func;";
    }
    use varnish::vcl::Event;
    /// Event function - the comment is ignored
    pub fn on_event(event: Event) {}
}
