---
source: varnish-macros/src/tests.rs
snapshot_kind: text
---
<!--

   !!!!!!  WARNING: DO NOT EDIT THIS FILE!

   This file was generated from the Varnish VMOD source code.
   It will be automatically updated on each build.

-->
# Varnish Module (VMOD) `event3`

```vcl
// Place import statement at the top of your VCL file
// This loads vmod from a standard location
import event3;

// Or load vmod from a specific file
import event3 from "path/to/libevent3.so";
```

### Function `VOID event3.access()`

### Constructor `event3.Obj1()`

#### Method `VOID <object>.obj_access()`

### Constructor `event3.Obj2()`

#### Method `VOID <object>.obj_access()`
