---
source: varnish-macros/src/tests.rs
snapshot_kind: text
---
<!--

   !!!!!!  WARNING: DO NOT EDIT THIS FILE!

   This file was generated from the Varnish VMOD source code.
   It will be automatically updated on each build.

-->
# Varnish Module (VMOD) `obj`

```vcl
// Place import statement at the top of your VCL file
// This loads vmod from a standard location
import obj;

// Or load vmod from a specific file
import obj from "path/to/libobj.so";
```

### Constructor `obj.kv1([INT cap])`

#### Method `VOID <object>.set(STRING key, STRING value)`

#### Method `STRING <object>.get(STRING key)`

### Constructor `obj.kv2([INT cap])`

#### Method `VOID <object>.set(STRING key, [STRING value])`

### Constructor `obj.kv3([INT cap])`

#### Method `VOID <object>.set(STRING key, [STRING value])`
